%2
%3
#include "test2.h"
%4
%5
int f(int x){
  return x;
}
%6
%7
